22:51:04 **** Incremental Build of configuration Debug for project RTOS_Work ****
make -j16 all 
arm-none-eabi-gcc "../Core/Src/main.c" -mcpu=cortex-m4 -std=gnu11 -g3 -DDEBUG -DUSE_HAL_DRIVER -DSTM32F407xx -c -I../Core/Inc -I"C:/Users/19anu/OneDrive/Desktop/Github_projects/mcu_coding/STM_RTOS/RTOS_Workspace/RTOS_Work/ThirdParty/FreeRtos" -I"C:/Users/19anu/OneDrive/Desktop/Github_projects/mcu_coding/STM_RTOS/RTOS_Workspace/RTOS_Work/ThirdParty/FreeRtos/include" -I"C:/Users/19anu/OneDrive/Desktop/Github_projects/mcu_coding/STM_RTOS/RTOS_Workspace/RTOS_Work/ThirdParty/FreeRtos/portable/GCC/ARM_CM4F" -I../Drivers/STM32F4xx_HAL_Driver/Inc -I../Drivers/STM32F4xx_HAL_Driver/Inc/Legacy -I../Drivers/CMSIS/Device/ST/STM32F4xx/Include -I../Drivers/CMSIS/Include -O0 -ffunction-sections -fdata-sections -Wall -fstack-usage -fcyclomatic-complexity -MMD -MP -MF"Core/Src/main.d" -MT"Core/Src/main.o" --specs=nano.specs -mfpu=fpv4-sp-d16 -mfloat-abi=hard -mthumb -o "Core/Src/main.o"
arm-none-eabi-gcc -o "RTOS_Work.elf" @"objects.list"   -mcpu=cortex-m4 -T"C:\Users\19anu\OneDrive\Desktop\Github_projects\mcu_coding\STM_RTOS\RTOS_Workspace\RTOS_Work\STM32F407VGTX_FLASH.ld" --specs=nosys.specs -Wl,-Map="RTOS_Work.map" -Wl,--gc-sections -static --specs=nano.specs -mfpu=fpv4-sp-d16 -mfloat-abi=hard -mthumb -Wl,--start-group -lc -lm -Wl,--end-group
Finished building target: RTOS_Work.elf
 
arm-none-eabi-size  RTOS_Work.elf 
arm-none-eabi-objdump -h -S RTOS_Work.elf  > "RTOS_Work.list"
   text	   data	    bss	    dec	    hex	filename
  12588	     16	  78720	  91324	  164bc	RTOS_Work.elf
Finished building: default.size.stdout
 
Finished building: RTOS_Work.list
 

22:51:06 Build Finished. 0 errors, 0 warnings. (took 2s.870ms)

